\BOOKMARK [1][-]{section.1}{\376\377\137\025\212\000}{}% 1
\BOOKMARK [1][-]{section.2}{\376\377\166\370\121\163\135\345\117\134}{}% 2
\BOOKMARK [2][-]{subsection.2.1}{\376\377\165\050\116\216\171\076\117\032\152\041\142\337\166\204\000\040\000L\000L\000M\000\040\146\172\200\375\117\123}{section.2}% 3
\BOOKMARK [2][-]{subsection.2.2}{\376\377\123\315\140\035\116\016\143\001\116\105\146\172\200\375\117\123\213\260\137\306}{section.2}% 4
\BOOKMARK [2][-]{subsection.2.3}{\376\377\137\122\126\340\060\001\145\366\225\364\147\011\145\110\140\047\116\016\213\260\137\306\122\060\210\114\122\250}{section.2}% 5
\BOOKMARK [1][-]{section.3}{\376\377\230\204\131\007\167\345\213\306\116\016\225\356\230\230\137\142\137\017\123\026}{}% 6
\BOOKMARK [2][-]{subsection.3.1}{\376\377\121\167\147\011\143\001\116\105\213\260\137\306\166\204\171\076\117\032\146\172\200\375\117\123}{section.3}% 7
\BOOKMARK [2][-]{subsection.3.2}{\376\377\213\244\167\345\127\060\127\100}{section.3}% 8
\BOOKMARK [2][-]{subsection.3.3}{\376\377\123\315\140\035\140\047\225\031\213\357\135\351\126\372}{section.3}% 9
\BOOKMARK [2][-]{subsection.3.4}{\376\377\123\071\221\115\136\162\230\204\213\312\145\255\166\356\150\007}{section.3}% 10
\BOOKMARK [1][-]{section.4}{\376\377\145\271\154\325\377\032\213\301\143\156\225\350\143\247\135\351\126\372}{}% 11
\BOOKMARK [2][-]{subsection.4.1}{\376\377\213\276\213\241\123\237\122\031}{section.4}% 12
\BOOKMARK [2][-]{subsection.4.2}{\376\377\213\301\143\156\225\350\143\247\213\260\137\306}{section.4}% 13
\BOOKMARK [2][-]{subsection.4.3}{\376\377\123\357\142\147\210\114\166\204\131\026\220\350\143\247\122\066\126\150}{section.4}% 14
\BOOKMARK [1][-]{section.5}{\376\377\133\236\232\214}{}% 15
\BOOKMARK [2][-]{subsection.5.1}{\376\377\213\276\177\156}{section.5}% 16
\BOOKMARK [2][-]{subsection.5.2}{\376\377\000Q\0001\377\032\121\273\176\323\165\131\121\372\213\312\145\255}{section.5}% 17
\BOOKMARK [2][-]{subsection.5.3}{\376\377\000Q\0002\377\032\225\355\163\257\124\016\147\234\133\236\232\214}{section.5}% 18
\BOOKMARK [2][-]{subsection.5.4}{\376\377\000Q\0003\377\032\176\304\116\366\155\210\207\215}{section.5}% 19
\BOOKMARK [2][-]{subsection.5.5}{\376\377\134\072\136\246\116\016\225\177\145\366\172\013\213\304\117\060}{section.5}% 20
\BOOKMARK [1][-]{section.6}{\376\377\134\100\226\120\140\047}{}% 21
\BOOKMARK [1][-]{section.7}{\376\377\176\323\213\272}{}% 22
